// Jest Snapshot v1, https://goo.gl/fbAQLP

exports[`SubTaskItem renders correctly 1`] = `
<div
  className="w-full flex py-3 items-center"
>
  <div
    onClick={[Function]}
  >
    <svg
      className="w-6 h-6 text-gray-500 hover:text-red-500 hover:fill-red-100 cursor-pointer"
      fill="none"
      stroke="currentColor"
      strokeWidth="2"
      viewBox="0 0 24 24"
      xmlns="http://www.w3.org/2000/svg"
    >
      <path
        d="M9.75 9.75l4.5 4.5m0-4.5l-4.5 4.5M21 12a9 9 0 11-18 0 9 9 0 0118 0z"
        strokeLinecap="round"
        strokeLinejoin="round"
      />
    </svg>
  </div>
  <div
    onClick={[Function]}
  >
    <svg
      className="w-6 h-6 text-gray-500 hover:text-green-500 hover:fill-green-100 false cursor-pointer"
      fill="none"
      stroke="currentColor"
      strokeWidth="2"
      viewBox="0 0 24 24"
      xmlns="http://www.w3.org/2000/svg"
    >
      <path
        d="M9 12.75L11.25 15 15 9.75M21 12a9 9 0 11-18 0 9 9 0 0118 0z"
        strokeLinecap="round"
        strokeLinejoin="round"
      />
    </svg>
  </div>
  <p
    className="ml-2 text-grey-darkest false"
  >
    <span
      className="font-bold"
    >
      Subtask 1.1: 
    </span>
    Test Subtask
  </p>
</div>
`;
