// Jest Snapshot v1, https://goo.gl/fbAQLP

exports[`TaskItem renders correctly 1`] = `
<div
  style={
    {
      "backgroundColor": "white",
    }
  }
>
  <div
    className="w-full flex py-4 items-center"
  >
    <div>
      <svg
        className="h-6 w-6 text-gray-500 hover:text-yellow-500 cursor-pointer"
        fill="none"
        height="24"
        stroke="currentColor"
        strokeLinecap="round"
        strokeLinejoin="round"
        strokeWidth="2"
        viewBox="0 0 24 24"
        width="24"
      >
         
        <path
          d="M0 0h24v24H0z"
          stroke="none"
        />
         
        <circle
          cx="9"
          cy="5"
          r="1"
        />
         
        <circle
          cx="9"
          cy="12"
          r="1"
        />
         
        <circle
          cx="9"
          cy="19"
          r="1"
        />
         
        <circle
          cx="15"
          cy="5"
          r="1"
        />
         
        <circle
          cx="15"
          cy="12"
          r="1"
        />
         
        <circle
          cx="15"
          cy="19"
          r="1"
        />
      </svg>
    </div>
    <div
      onClick={[Function]}
    >
      <svg
        className="w-6 h-6 hover:text-blue-500 hover:fill-blue-100 text-gray-500 cursor-pointer"
        fill="none"
        stroke="currentColor"
        strokeWidth="2"
        viewBox="0 0 24 24"
        xmlns="http://www.w3.org/2000/svg"
      >
        <path
          d="M12 9v6m3-3H9m12 0a9 9 0 11-18 0 9 9 0 0118 0z"
          strokeLinecap="round"
          strokeLinejoin="round"
        />
      </svg>
    </div>
    <div
      onClick={[Function]}
    >
      <svg
        className="w-6 h-6 text-gray-500 hover:text-red-500 hover:fill-red-100 cursor-pointer"
        fill="none"
        stroke="currentColor"
        strokeWidth="2"
        viewBox="0 0 24 24"
        xmlns="http://www.w3.org/2000/svg"
      >
        <path
          d="M9.75 9.75l4.5 4.5m0-4.5l-4.5 4.5M21 12a9 9 0 11-18 0 9 9 0 0118 0z"
          strokeLinecap="round"
          strokeLinejoin="round"
        />
      </svg>
    </div>
    <div
      onClick={[Function]}
    >
      <svg
        className="w-6 h-6 text-gray-500 hover:text-green-500 hover:fill-green-100 false cursor-pointer"
        fill="none"
        stroke="currentColor"
        strokeWidth="2"
        viewBox="0 0 24 24"
        xmlns="http://www.w3.org/2000/svg"
      >
        <path
          d="M9 12.75L11.25 15 15 9.75M21 12a9 9 0 11-18 0 9 9 0 0118 0z"
          strokeLinecap="round"
          strokeLinejoin="round"
        />
      </svg>
    </div>
    <p
      className="ml-2 text-grey-darkest false"
    >
      <span
        className="font-bold"
      >
        Task 1: 
      </span>
      Test Task
    </p>
  </div>
</div>
`;
